#-----------------------------------------------------------
# Vivado v2018.3 (64-bit)
# SW Build 2405991 on Thu Dec  6 23:36:41 MST 2018
# IP Build 2404404 on Fri Dec  7 01:43:56 MST 2018
# Start of session at: Wed Jun 22 21:43:47 2022
# Process ID: 24665
# Current directory: /mnt/Documents/Projects/verilog/miscellaneous_verilog
# Command line: vivado
# Log file: /mnt/Documents/Projects/verilog/miscellaneous_verilog/vivado.log
# Journal file: /mnt/Documents/Projects/verilog/miscellaneous_verilog/vivado.jou
#-----------------------------------------------------------
start_gui
create_project vcheck_adder /mnt/Documents/Projects/verilog/miscellaneous_verilog/vcheck_adder -part xc7a12tcpg238-3
add_files -norecurse {/mnt/Documents/Projects/verilog/miscellaneous_verilog/tb_add1.v /mnt/Documents/Projects/verilog/miscellaneous_verilog/mux_2.v /mnt/Documents/Projects/verilog/miscellaneous_verilog/add1.v /mnt/Documents/Projects/verilog/miscellaneous_verilog/tb_mux.v}
import_files -force -norecurse
update_compile_order -fileset sources_1
update_compile_order -fileset sources_1
set_property used_in_implementation false [get_files  /mnt/Documents/Projects/verilog/miscellaneous_verilog/vcheck_adder/vcheck_adder.srcs/sources_1/imports/miscellaneous_verilog/mux_2.v]
set_property used_in_simulation false [get_files  /mnt/Documents/Projects/verilog/miscellaneous_verilog/vcheck_adder/vcheck_adder.srcs/sources_1/imports/miscellaneous_verilog/mux_2.v]
set_property used_in_implementation true [get_files  /mnt/Documents/Projects/verilog/miscellaneous_verilog/vcheck_adder/vcheck_adder.srcs/sources_1/imports/miscellaneous_verilog/mux_2.v]
set_property used_in_implementation false [get_files  /mnt/Documents/Projects/verilog/miscellaneous_verilog/vcheck_adder/vcheck_adder.srcs/sources_1/imports/miscellaneous_verilog/tb_mux.v]
set_property used_in_simulation false [get_files  /mnt/Documents/Projects/verilog/miscellaneous_verilog/vcheck_adder/vcheck_adder.srcs/sources_1/imports/miscellaneous_verilog/tb_mux.v]
set_property used_in_implementation false [get_files  /mnt/Documents/Projects/verilog/miscellaneous_verilog/vcheck_adder/vcheck_adder.srcs/sources_1/imports/miscellaneous_verilog/tb_add1.v]
set_property used_in_simulation false [get_files  /mnt/Documents/Projects/verilog/miscellaneous_verilog/vcheck_adder/vcheck_adder.srcs/sources_1/imports/miscellaneous_verilog/tb_add1.v]
set_property used_in_implementation false [get_files  /mnt/Documents/Projects/verilog/miscellaneous_verilog/vcheck_adder/vcheck_adder.srcs/sources_1/imports/miscellaneous_verilog/add1.v]
set_property used_in_simulation false [get_files  /mnt/Documents/Projects/verilog/miscellaneous_verilog/vcheck_adder/vcheck_adder.srcs/sources_1/imports/miscellaneous_verilog/add1.v]
set_property used_in_implementation true [get_files  /mnt/Documents/Projects/verilog/miscellaneous_verilog/vcheck_adder/vcheck_adder.srcs/sources_1/imports/miscellaneous_verilog/add1.v]
launch_runs synth_1 -jobs 4
wait_on_run synth_1
launch_runs impl_1 -jobs 4
wait_on_run impl_1
synth_design -rtl -name rtl_1
set_property is_enabled false [get_files  /mnt/Documents/Projects/verilog/miscellaneous_verilog/vcheck_adder/vcheck_adder.srcs/sources_1/imports/miscellaneous_verilog/add1.v]
refresh_design
set_property is_enabled false [get_files  /mnt/Documents/Projects/verilog/miscellaneous_verilog/vcheck_adder/vcheck_adder.srcs/sources_1/imports/miscellaneous_verilog/tb_add1.v]
refresh_design
update_compile_order -fileset sources_1
set_property is_enabled false [get_files  /mnt/Documents/Projects/verilog/miscellaneous_verilog/vcheck_adder/vcheck_adder.srcs/sources_1/imports/miscellaneous_verilog/tb_mux.v]
set_property is_enabled true [get_files  /mnt/Documents/Projects/verilog/miscellaneous_verilog/vcheck_adder/vcheck_adder.srcs/sources_1/imports/miscellaneous_verilog/add1.v]
update_compile_order -fileset sources_1
# Disabling source management mode.  This is to allow the top design properties to be set without GUI intervention.
set_property source_mgmt_mode None [current_project]
set_property top add1 [current_fileset]
# Re-enabling previously disabled source management mode.
set_property source_mgmt_mode All [current_project]
update_compile_order -fileset sources_1
refresh_design
reset_run synth_1
launch_runs synth_1 -jobs 4
wait_on_run synth_1
close_design
open_run synth_1 -name synth_1
